*addr.tools
*adguard-dns.com
*adguard.com
*adobe.com
*adobe.io
*ads-twitter.com
*amazonaws.com
*api.dso.docker.com
*api.openai.com
*auth.docker.io
*auth.openai.com
*auth0.openai.com
*bosch-home.com
*canva.com
*capcut.com
*cdn.oaistatic.com
*cdninstagram.com
*chat.openai.com
*chatgpt.com
*cisco.com
*claude.ai
*cms-twdigitalassets.com
*desktop.docker.com
*devops.com
*digitalocean.com
*dis.gd
*discord-activities.com
*discord.co
*discord.com
*discord.design
*discord.dev
*discord.gg
*discord.gift
*discord.gifts
*discord.media
*discord.new
*discord.store
*discord.tools
*discordactivities.com
*discordapp.com
*discordapp.net
*discordmerch.com
*discordpartygames.com
*discordsays.com
*discordstatus.com
*discours.io
*docker.elastic.co
*docker.io
*donmai.us
*facebook.com
*facebook.net
*fb.com
*fbcdn.net
*fbsbx.com
*files.oaiusercontent.com
*freeimages.com
*freemedia.io
*geni.us
*genius.com
*ggpht.com
*gitlab.com
*gitlab.io
*gofile.io
*goodreads.com
*googleapis.com
*googletagmanager.com
*googlevideo.com
*grafana.com
*hub.docker.com
*ig.me
*ingest.sentry.io
*instagram.com
*intellij.net
*internalfb.com
*iptv.online
*itsmycity.ru
*jetbrains.com
*lamcdn.net
*mdza.io
*medium.com
*meduza.io
*meta.com
*metacritic.com
*microchip.com
*microsoft.com
*microsoft365.com
*mongodb.com
*mongodb.org
*motherless.com
*netflix.com
*nflxext.com
*nflximg.net
*nflxvideo.net
*nnmclub.to
*nordvpn.com
*ns1.cloudflare.net
*oaistatic.com
*oaiusercontent.com
*oculus.com
*openai.com
*openmedia.io
*opensea.io
*opentrackr.org
*patreon.com
*pcgamesn.com
*periscope.tv
*pexels.com
*phncdn.com
*php.su
*pornhub.com
*pornolab.net
*production.cloudflare.docker.com
*proton.me
*protonmail.ch
*protonmail.com
*pscp.tv
*redis.com
*redis.io
*rutor.org
*rutracker.cc
*rutracker.net
*rutracker.org
*rutracker.ru
*sessions-bugsnag.docker.com
*spotify.com
*swagger.io
*telegraf.by
*telegraf.news
*telemetr.io
*terraform.io
*the-village.ru
*threads.net
*weather.com
*x.com
*xcadr.online
*xhamster.com
*xhamsterlive.com
*xnxx.com
*xtracloud.net
*xvideos-cdn.com
*xvideos.com
*youtube.com
*youtubekids.com
*zetfix.online
*zetflix.online
*znanija.com
auth.xboxlive.com
aznude.com
bard.google.com
copilot.microsoft.com
echo.labstack.com
eporner.com
erome.com
fapello.com
gemini.google.com
getoutline.org
news.google.com
pimeyes.com
play.google.com
storynavigation.com
sxyprn.com
theporndude.com
tokenized.play.google.com
xv-ru.com
*bhvrdbd.com
